// Jest Snapshot v1, https://goo.gl/fbAQLP

exports[`smoketest 1`] = `
{
  "children": [
    {
      "children": [
        {
          "external": false,
          "id": "fs:docs/markdown/index.md",
          "path": "./markdown/",
          "sortorder": 0,
          "title": "Markdown",
        },
        {
          "children": [
            {
              "external": false,
              "id": "fs:docs/markdown/code-preview/code-preview.md",
              "path": "./markdown/code-preview/",
              "sortorder": Infinity,
              "title": "Code preview",
            },
            {
              "external": false,
              "id": "fs:docs/markdown/code-preview/fullscreen.md",
              "path": "./markdown/code-preview/fullscreen.html",
              "sortorder": Infinity,
              "title": "Fullscreen examples",
            },
          ],
          "key": "./markdown/code-preview",
          "path": "./markdown/code-preview/",
          "sortorder": Infinity,
          "title": "Code preview",
        },
        {
          "external": false,
          "id": "fs:docs/markdown/custom-containers.md",
          "path": "./markdown/custom-containers.html",
          "sortorder": Infinity,
          "title": "Custom containers",
        },
        {
          "external": false,
          "id": "fs:docs/markdown/mermaid.md",
          "path": "./markdown/mermaid.html",
          "sortorder": Infinity,
          "title": "Mermaid",
        },
      ],
      "key": "./markdown",
      "path": "./markdown/",
      "sortorder": 0,
      "title": "Markdown",
    },
    {
      "children": [
        {
          "external": false,
          "id": "fs:docs/navigation/index.md",
          "path": "./navigation/",
          "sortorder": 1,
          "title": "Navigation",
        },
        {
          "external": false,
          "id": "fs:docs/navigation/child-page-1.md",
          "path": "./navigation/child-page-1.html",
          "sortorder": Infinity,
          "title": "Child Page 1",
        },
        {
          "external": false,
          "id": "fs:docs/navigation/child-page-2.md",
          "path": "./navigation/child-page-2.html",
          "sortorder": Infinity,
          "title": "Child Page 2",
        },
        {
          "external": false,
          "id": "fs:docs/navigation/child-page-3.md",
          "path": "./navigation/child-page-3.html",
          "sortorder": Infinity,
          "title": "Child Page 3",
        },
        {
          "children": [
            {
              "external": false,
              "id": "fs:docs/navigation/group/nested-page-1.md",
              "path": "./navigation/group/nested-page-1.html",
              "sortorder": Infinity,
              "title": "Nested Page 1",
            },
            {
              "external": false,
              "id": "fs:docs/navigation/group/nested-page-2.md",
              "path": "./navigation/group/nested-page-2.html",
              "sortorder": Infinity,
              "title": "Nested Page 2",
            },
            {
              "external": false,
              "id": "fs:docs/navigation/group/nested-page-3.md",
              "path": "./navigation/group/nested-page-3.html",
              "sortorder": Infinity,
              "title": "Nested Page 3",
            },
          ],
          "key": "./navigation/group",
          "path": "",
          "sortorder": Infinity,
          "title": "group",
        },
        {
          "children": [
            {
              "external": false,
              "id": "fs:docs/navigation/sorted-group/top-page.md",
              "path": "./navigation/sorted-group/top-page.html",
              "sortorder": 1,
              "title": "Top page",
            },
            {
              "external": false,
              "id": "fs:docs/navigation/sorted-group/sorted-page-3.md",
              "path": "./navigation/sorted-group/sorted-page-3.html",
              "sortorder": 2,
              "title": "Sorted Page 3",
            },
            {
              "external": false,
              "id": "fs:docs/navigation/sorted-group/sorted-page-1.md",
              "path": "./navigation/sorted-group/sorted-page-1.html",
              "sortorder": Infinity,
              "title": "Sorted Page 1",
            },
            {
              "external": false,
              "id": "fs:docs/navigation/sorted-group/sorted-page-2.md",
              "path": "./navigation/sorted-group/sorted-page-2.html",
              "sortorder": Infinity,
              "title": "Sorted Page 2",
            },
          ],
          "key": "./navigation/sorted-group",
          "path": "",
          "sortorder": Infinity,
          "title": "sorted-group",
        },
      ],
      "key": "./navigation",
      "path": "./navigation/",
      "sortorder": 1,
      "title": "Navigation",
    },
    {
      "children": [
        {
          "external": false,
          "id": "fs:docs/processors/index.md",
          "path": "./processors/",
          "sortorder": 1,
          "title": "Processors",
        },
        {
          "external": false,
          "id": "fs:docs/processors/cookie.md",
          "path": "./processors/cookie.html",
          "sortorder": Infinity,
          "title": "Cookie",
        },
        {
          "external": false,
          "id": "fs:docs/processors/manifest.md",
          "path": "./processors/manifest.html",
          "sortorder": Infinity,
          "title": "Manifest",
        },
        {
          "external": false,
          "id": "fs:docs/processors/motd.md",
          "path": "./processors/motd.html",
          "sortorder": Infinity,
          "title": "MOTD",
        },
        {
          "external": false,
          "id": "fs:docs/processors/nunjucks.md",
          "path": "./processors/nunjucks.html",
          "sortorder": Infinity,
          "title": "Nunjucks",
        },
        {
          "external": false,
          "id": "fs:docs/processors/source-url.md",
          "path": "./processors/source-url.html",
          "sortorder": Infinity,
          "title": "Source url",
        },
        {
          "external": false,
          "id": "fs:docs/processors/topnav.md",
          "path": "./processors/topnav.html",
          "sortorder": Infinity,
          "title": "Topnav",
        },
        {
          "external": false,
          "id": "fs:docs/processors/version.md",
          "path": "./processors/version.html",
          "sortorder": Infinity,
          "title": "Version",
        },
      ],
      "key": "./processors",
      "path": "./processors/",
      "sortorder": 1,
      "title": "Processors",
    },
    {
      "children": [
        {
          "external": false,
          "id": "fs:docs/theme/index.md",
          "path": "./theme/",
          "sortorder": 1,
          "title": "Theme",
        },
      ],
      "key": "./theme",
      "path": "./theme/",
      "sortorder": 1,
      "title": "Theme",
    },
    {
      "children": [
        {
          "external": false,
          "id": "fs:docs/live-example/example.md",
          "path": "./live-example/example.html",
          "sortorder": Infinity,
          "title": "Example",
        },
      ],
      "key": "./live-example",
      "path": "",
      "sortorder": Infinity,
      "title": "live-example",
    },
  ],
  "key": ".",
  "path": "",
  "sortorder": Infinity,
  "title": "Todo",
}
`;
